stm32f7xx_hal_ltdc.c:1827:13:LTDC_SetConfig	28	static
stm32f7xx_hal_ltdc.c:275:13:HAL_LTDC_MspInit	0	static
stm32f7xx_hal_ltdc.c:159:19:HAL_LTDC_Init	16	static
stm32f7xx_hal_ltdc.c:291:13:HAL_LTDC_MspDeInit	0	static
stm32f7xx_hal_ltdc.c:252:19:HAL_LTDC_DeInit	8	static
stm32f7xx_hal_ltdc.c:424:13:HAL_LTDC_ErrorCallback	0	static
stm32f7xx_hal_ltdc.c:440:13:HAL_LTDC_LineEventCallback	0	static
stm32f7xx_hal_ltdc.c:456:13:HAL_LTDC_ReloadEventCallback	0	static
stm32f7xx_hal_ltdc.c:324:6:HAL_LTDC_IRQHandler	8	static
stm32f7xx_hal_ltdc.c:506:19:HAL_LTDC_ConfigLayer	24	static
stm32f7xx_hal_ltdc.c:555:19:HAL_LTDC_ConfigColorKeying	8	static
stm32f7xx_hal_ltdc.c:593:19:HAL_LTDC_ConfigCLUT	24	static
stm32f7xx_hal_ltdc.c:643:19:HAL_LTDC_EnableColorKeying	0	static
stm32f7xx_hal_ltdc.c:678:19:HAL_LTDC_DisableColorKeying	0	static
stm32f7xx_hal_ltdc.c:713:19:HAL_LTDC_EnableCLUT	0	static
stm32f7xx_hal_ltdc.c:749:19:HAL_LTDC_DisableCLUT	0	static
stm32f7xx_hal_ltdc.c:783:19:HAL_LTDC_EnableDither	0	static
stm32f7xx_hal_ltdc.c:810:19:HAL_LTDC_DisableDither	0	static
stm32f7xx_hal_ltdc.c:841:19:HAL_LTDC_SetWindowSize	24	static
stm32f7xx_hal_ltdc.c:903:19:HAL_LTDC_SetWindowPosition	24	static
stm32f7xx_hal_ltdc.c:956:19:HAL_LTDC_SetPixelFormat	16	static
stm32f7xx_hal_ltdc.c:1001:19:HAL_LTDC_SetAlpha	16	static
stm32f7xx_hal_ltdc.c:1045:19:HAL_LTDC_SetAddress	16	static
stm32f7xx_hal_ltdc.c:1092:19:HAL_LTDC_SetPitch	12	static
stm32f7xx_hal_ltdc.c:1160:19:HAL_LTDC_ProgramLineEvent	0	static
stm32f7xx_hal_ltdc.c:1195:20:HAL_LTDC_Reload	0	static
stm32f7xx_hal_ltdc.c:1233:19:HAL_LTDC_ConfigLayer_NoReload	24	static
stm32f7xx_hal_ltdc.c:1283:19:HAL_LTDC_SetWindowSize_NoReload	24	static
stm32f7xx_hal_ltdc.c:1345:19:HAL_LTDC_SetWindowPosition_NoReload	24	static
stm32f7xx_hal_ltdc.c:1398:19:HAL_LTDC_SetPixelFormat_NoReload	16	static
stm32f7xx_hal_ltdc.c:1443:19:HAL_LTDC_SetAlpha_NoReload	16	static
stm32f7xx_hal_ltdc.c:1488:19:HAL_LTDC_SetAddress_NoReload	16	static
stm32f7xx_hal_ltdc.c:1535:19:HAL_LTDC_SetPitch_NoReload	12	static
stm32f7xx_hal_ltdc.c:1604:19:HAL_LTDC_ConfigColorKeying_NoReload	0	static
stm32f7xx_hal_ltdc.c:1640:19:HAL_LTDC_EnableColorKeying_NoReload	0	static
stm32f7xx_hal_ltdc.c:1675:19:HAL_LTDC_DisableColorKeying_NoReload	0	static
stm32f7xx_hal_ltdc.c:1710:19:HAL_LTDC_EnableCLUT_NoReload	0	static
stm32f7xx_hal_ltdc.c:1746:19:HAL_LTDC_DisableCLUT_NoReload	0	static
stm32f7xx_hal_ltdc.c:1798:23:HAL_LTDC_GetState	0	static
stm32f7xx_hal_ltdc.c:1809:10:HAL_LTDC_GetError	0	static
