stm32f7xx_ll_sdmmc.c:1300:17:SDMMC_GetCmdResp2	0	static
stm32f7xx_ll_sdmmc.c:1342:17:SDMMC_GetCmdResp3	0	static
stm32f7xx_ll_sdmmc.c:227:19:SDMMC_Init	8	static
stm32f7xx_ll_sdmmc.c:280:10:SDMMC_ReadFIFO	0	static
stm32f7xx_ll_sdmmc.c:292:19:SDMMC_WriteFIFO	0	static
stm32f7xx_ll_sdmmc.c:324:19:SDMMC_PowerState_ON	0	static
stm32f7xx_ll_sdmmc.c:337:19:SDMMC_PowerState_OFF	0	static
stm32f7xx_ll_sdmmc.c:354:10:SDMMC_GetPowerState	0	static
stm32f7xx_ll_sdmmc.c:367:19:SDMMC_SendCommand	8	static
stm32f7xx_ll_sdmmc.c:397:9:SDMMC_GetCommandResponse	0	static
stm32f7xx_ll_sdmmc.c:414:10:SDMMC_GetResponse	8	static
stm32f7xx_ll_sdmmc.c:1171:17:SDMMC_GetCmdResp1	8	static
stm32f7xx_ll_sdmmc.c:435:19:SDMMC_ConfigData	8	static
stm32f7xx_ll_sdmmc.c:470:10:SDMMC_GetDataCounter	0	static
stm32f7xx_ll_sdmmc.c:480:10:SDMMC_GetFIFOCount	0	static
stm32f7xx_ll_sdmmc.c:494:19:SDMMC_SetSDMMCReadWaitMode	0	static
stm32f7xx_ll_sdmmc.c:529:10:SDMMC_CmdBlockLength	40	static
stm32f7xx_ll_sdmmc.c:553:10:SDMMC_CmdReadSingleBlock	40	static
stm32f7xx_ll_sdmmc.c:577:10:SDMMC_CmdReadMultiBlock	40	static
stm32f7xx_ll_sdmmc.c:601:10:SDMMC_CmdWriteSingleBlock	40	static
stm32f7xx_ll_sdmmc.c:625:10:SDMMC_CmdWriteMultiBlock	40	static
stm32f7xx_ll_sdmmc.c:649:10:SDMMC_CmdSDEraseStartAdd	40	static
stm32f7xx_ll_sdmmc.c:673:10:SDMMC_CmdSDEraseEndAdd	40	static
stm32f7xx_ll_sdmmc.c:697:10:SDMMC_CmdEraseStartAdd	40	static
stm32f7xx_ll_sdmmc.c:721:10:SDMMC_CmdEraseEndAdd	40	static
stm32f7xx_ll_sdmmc.c:745:10:SDMMC_CmdErase	40	static
stm32f7xx_ll_sdmmc.c:769:10:SDMMC_CmdStopTransfer	40	static
stm32f7xx_ll_sdmmc.c:794:10:SDMMC_CmdSelDesel	40	static
stm32f7xx_ll_sdmmc.c:818:10:SDMMC_CmdGoIdleState	32	static
stm32f7xx_ll_sdmmc.c:841:10:SDMMC_CmdOperCond	32	static
stm32f7xx_ll_sdmmc.c:871:10:SDMMC_CmdAppCommand	40	static
stm32f7xx_ll_sdmmc.c:898:10:SDMMC_CmdAppOperCommand	32	static
stm32f7xx_ll_sdmmc.c:921:10:SDMMC_CmdBusWidth	40	static
stm32f7xx_ll_sdmmc.c:944:10:SDMMC_CmdSendSCR	40	static
stm32f7xx_ll_sdmmc.c:968:10:SDMMC_CmdSendCID	32	static
stm32f7xx_ll_sdmmc.c:992:10:SDMMC_CmdSendCSD	32	static
stm32f7xx_ll_sdmmc.c:1016:10:SDMMC_CmdSetRelAdd	40	static
stm32f7xx_ll_sdmmc.c:1040:10:SDMMC_CmdSendStatus	40	static
stm32f7xx_ll_sdmmc.c:1063:10:SDMMC_CmdStatusRegister	40	static
stm32f7xx_ll_sdmmc.c:1088:10:SDMMC_CmdOpCondition	32	static
stm32f7xx_ll_sdmmc.c:1112:10:SDMMC_CmdSwitch	0	static
