stm32f7xx_hal_spi.c:2455:26:SPI_WaitFlagStateUntilTimeout.part.0	0	static
stm32f7xx_hal_spi.c:2455:26:SPI_WaitFlagStateUntilTimeout	24	static
stm32f7xx_hal_spi.c:2506:26:SPI_WaitFifoStateUntilTimeout	32	static
stm32f7xx_hal_spi.c:2588:26:SPI_EndRxTxTransaction	16	static
stm32f7xx_hal_spi.c:2562:26:SPI_EndRxTransaction	16	static
stm32f7xx_hal_spi.c:335:14:HAL_SPI_MspInit	0	static
stm32f7xx_hal_spi.c:193:19:HAL_SPI_Init	16	static
stm32f7xx_hal_spi.c:348:14:HAL_SPI_MspDeInit	0	static
stm32f7xx_hal_spi.c:297:19:HAL_SPI_DeInit	8	static
stm32f7xx_hal_spi.c:400:19:HAL_SPI_Transmit	24	static
stm32f7xx_hal_spi.c:739:19:HAL_SPI_TransmitReceive	40	static
stm32f7xx_hal_spi.c:545:19:HAL_SPI_Receive	32	static
stm32f7xx_hal_spi.c:965:19:HAL_SPI_Transmit_IT	8	static
stm32f7xx_hal_spi.c:1151:19:HAL_SPI_TransmitReceive_IT	20	static
stm32f7xx_hal_spi.c:1045:19:HAL_SPI_Receive_IT	12	static
stm32f7xx_hal_spi.c:1248:19:HAL_SPI_Transmit_DMA	16	static
stm32f7xx_hal_spi.c:1442:19:HAL_SPI_TransmitReceive_DMA	16	static
stm32f7xx_hal_spi.c:1338:19:HAL_SPI_Receive_DMA	16	static
stm32f7xx_hal_spi.c:1591:19:HAL_SPI_DMAPause	0	static
stm32f7xx_hal_spi.c:1611:19:HAL_SPI_DMAResume	0	static
stm32f7xx_hal_spi.c:1631:19:HAL_SPI_DMAStop	8	static
stm32f7xx_hal_spi.c:1724:13:HAL_SPI_TxCpltCallback	0	static
stm32f7xx_hal_spi.c:1737:13:HAL_SPI_RxCpltCallback	0	static
stm32f7xx_hal_spi.c:1750:13:HAL_SPI_TxRxCpltCallback	0	static
stm32f7xx_hal_spi.c:1763:13:HAL_SPI_TxHalfCpltCallback	0	static
stm32f7xx_hal_spi.c:2060:13:SPI_DMAHalfTransmitCplt	8	static
stm32f7xx_hal_spi.c:1776:13:HAL_SPI_RxHalfCpltCallback	0	static
stm32f7xx_hal_spi.c:2073:13:SPI_DMAHalfReceiveCplt	8	static
stm32f7xx_hal_spi.c:1789:13:HAL_SPI_TxRxHalfCpltCallback	0	static
stm32f7xx_hal_spi.c:2086:13:SPI_DMAHalfTransmitReceiveCplt	8	static
stm32f7xx_hal_spi.c:1802:14:HAL_SPI_ErrorCallback	0	static
stm32f7xx_hal_spi.c:2693:13:SPI_CloseTx_ISR	16	static
stm32f7xx_hal_spi.c:2406:13:SPI_TxISR_8BIT	0	static
stm32f7xx_hal_spi.c:2428:13:SPI_TxISR_16BIT	0	static
stm32f7xx_hal_spi.c:2657:13:SPI_CloseRx_ISR	8	static
stm32f7xx_hal_spi.c:2330:13:SPI_RxISR_8BIT	4	static
stm32f7xx_hal_spi.c:2310:13:SPI_RxISR_8BITCRC	8	static
stm32f7xx_hal_spi.c:2377:13:SPI_RxISR_16BIT	4	static
stm32f7xx_hal_spi.c:2358:13:SPI_RxISR_16BITCRC	8	static
stm32f7xx_hal_spi.c:2615:13:SPI_CloseRxTx_ISR	8	static
stm32f7xx_hal_spi.c:2192:13:SPI_2linesTxISR_8BIT	4	static
stm32f7xx_hal_spi.c:2117:13:SPI_2linesRxISR_8BIT	0	static
stm32f7xx_hal_spi.c:2164:13:SPI_2linesRxISR_8BITCRC	8	static
stm32f7xx_hal_spi.c:2280:13:SPI_2linesTxISR_16BIT	0	static
stm32f7xx_hal_spi.c:2231:13:SPI_2linesRxISR_16BIT	4	static
stm32f7xx_hal_spi.c:2262:13:SPI_2linesRxISR_16BITCRC	8	static
stm32f7xx_hal_spi.c:2099:13:SPI_DMAError	8	static
stm32f7xx_hal_spi.c:1875:13:SPI_DMATransmitCplt	16	static
stm32f7xx_hal_spi.c:1909:13:SPI_DMAReceiveCplt	16	static
stm32f7xx_hal_spi.c:1991:13:SPI_DMATransmitReceiveCplt	16	static
stm32f7xx_hal_spi.c:1662:6:HAL_SPI_IRQHandler	24	static
stm32f7xx_hal_spi.c:1841:22:HAL_SPI_GetState	0	static
stm32f7xx_hal_spi.c:1852:10:HAL_SPI_GetError	0	static
