picojpeg.c:256:25:stuffChar	0	static
picojpeg.c:1176:26:clamp	0	static
picojpeg.c:1330:26:addAndClamp	0	static
picojpeg.c:1343:26:subAndClamp	0	static
picojpeg.c:1355:13:upsampleCb	56	static
picojpeg.c:1388:13:upsampleCbH	56	static
picojpeg.c:1415:13:upsampleCbV	48	static
picojpeg.c:1442:13:upsampleCr	56	static
picojpeg.c:1475:13:upsampleCrH	56	static
picojpeg.c:1502:13:upsampleCrV	48	static
picojpeg.c:1530:13:copyY	12	static
picojpeg.c:243:26:getChar	16	static
picojpeg.c:262:26:getOctet.part.1	8	static
picojpeg.c:69:26:arithmeticRightShiftN16.constprop	0	static
picojpeg.c:1152:26:imul_b1_b3	0	static
picojpeg.c:317:26:getBit	24	static
picojpeg.c:416:26:huffDecode	32	static
picojpeg.c:277:15:getBits	32	static
picojpeg.c:309:27:getBits1	0	static
picojpeg.c:744:14:processMarkers	64	static
picojpeg.c:313:27:getBits2	0	static
picojpeg.c:2014:15:pjpeg_decode_mcu	56	static
picojpeg.c:2033:1:pjpeg_decode_init	72	static
