ai_runtime_api.c:57:19:ai_model_iterator_begin	0	static
ai_runtime_api.c:61:19:ai_model_iterator_end	0	static
ai_runtime_api.c:63:19:ai_model_iterator_next	0	static
ai_runtime_api.c:67:16:ai_model_iterator_value	0	static
ai_runtime_api.c:72:24:ai_create	32	static
ai_runtime_api.c:113:24:ai_destroy	8	static
ai_runtime_api.c:129:13:ai_get_error	0	static
ai_runtime_api.c:143:22:ai_get_input_size	0	static
ai_runtime_api.c:154:22:ai_get_output_size	0	static
ai_runtime_api.c:165:25:ai_get_input	0	static
ai_runtime_api.c:180:25:ai_get_output	0	static
ai_runtime_api.c:195:24:ai_run	16	static
ai_runtime_api.c:241:13:ai_get_name	0	static
ai_runtime_api.c:252:13:ai_get_datetime	0	static
ai_runtime_api.c:263:13:ai_get_revision	0	static
ai_runtime_api.c:274:13:ai_get_tool_version	0	static
ai_runtime_api.c:285:13:ai_get_api_version	0	static
ai_runtime_api.c:296:10:ai_get_node_size	0	static
ai_runtime_api.c:307:10:ai_get_activations_size	0	static
ai_runtime_api.c:318:10:ai_get_params_size	0	static
ai_runtime_api.c:329:8:ai_get_activations	0	static
ai_runtime_api.c:340:14:ai_get_params	0	static
ai_runtime_api.c:351:29:ai_get_quantization	0	static
