stm32746g_discovery_qspi.c:745:16:QSPI_AutoPollingMemReady.constprop	88	static
stm32746g_discovery_qspi.c:699:16:QSPI_WriteEnable.constprop	88	static
stm32746g_discovery_qspi.c:188:9:BSP_QSPI_Read	64	static
stm32746g_discovery_qspi.c:228:9:BSP_QSPI_Write	80	static
stm32746g_discovery_qspi.c:308:9:BSP_QSPI_Erase_Block	64	static
stm32746g_discovery_qspi.c:350:9:BSP_QSPI_Erase_Chip	64	static
stm32746g_discovery_qspi.c:390:9:BSP_QSPI_GetStatus	72	static
stm32746g_discovery_qspi.c:443:9:BSP_QSPI_GetInfo	0	static
stm32746g_discovery_qspi.c:459:9:BSP_QSPI_MemoryMappedMode	72	static
stm32746g_discovery_qspi.c:504:13:BSP_QSPI_MspInit	72	static
stm32746g_discovery_qspi.c:118:9:BSP_QSPI_Init	80	static,ignoring_inline_asm
stm32746g_discovery_qspi.c:570:13:BSP_QSPI_MspDeInit	8	static
stm32746g_discovery_qspi.c:165:9:BSP_QSPI_DeInit	16	static
